2026-07-04 22:41:56 | INFO     | aina | Logging initialised. Log file: D:\aina-project\logs\aina_20260704_224156.log
2026-07-04 22:41:56 | INFO     | aina | Starting AINA desktop application.
2026-07-04 22:42:23 | INFO     | aina | Location selected via map: {'latitude': -22.85466076929305, 'longitude': 17.233152075195306, 'label': 'Selected Farm', 'radius_km': 5.0}
2026-07-04 22:42:30 | INFO     | aina | Searching Sentinel-2 products for Selected Farm (-22.8547, 17.2332), 2026-06-04 to 2026-07-04, cloud<=20%
2026-07-04 22:42:39 | INFO     | aina | Found 5 matching Sentinel-2 product(s).
2026-07-04 22:42:39 | ERROR    | aina | Download failed: Missing COPERNICUS_USERNAME / COPERNICUS_PASSWORD. Register a free account at https://dataspace.copernicus.eu/ and add credentials to .env
Traceback (most recent call last):
  File "c:\Users\mayan\Downloads\files\main.py", line 882, in worker
    path = self.sentinel.download_latest(self.current_location)
  File "c:\Users\mayan\Downloads\files\main.py", line 655, in download_latest
    return self.download_product(products[0])
           ~~~~~~~~~~~~~~~~~~~~~^^^^^^^^^^^^^
  File "c:\Users\mayan\Downloads\files\main.py", line 601, in download_product
    token = self._authenticate()
  File "c:\Users\mayan\Downloads\files\main.py", line 501, in _authenticate
    raise CopernicusAuthError(
    ...<2 lines>...
    )
CopernicusAuthError: Missing COPERNICUS_USERNAME / COPERNICUS_PASSWORD. Register a free account at https://dataspace.copernicus.eu/ and add credentials to .env

2026-07-04 22:42:41 | INFO     | aina | Searching Sentinel-2 products for Selected Farm (-22.8547, 17.2332), 2026-06-04 to 2026-07-04, cloud<=20%
2026-07-04 22:42:47 | INFO     | aina | Searching Sentinel-2 products for Selected Farm (-22.8547, 17.2332), 2026-01-01 to 2026-07-04, cloud<=20%
2026-07-04 22:42:49 | INFO     | aina | Found 5 matching Sentinel-2 product(s).
2026-07-04 22:42:49 | ERROR    | aina | Download failed: Missing COPERNICUS_USERNAME / COPERNICUS_PASSWORD. Register a free account at https://dataspace.copernicus.eu/ and add credentials to .env
Traceback (most recent call last):
  File "c:\Users\mayan\Downloads\files\main.py", line 882, in worker
    path = self.sentinel.download_latest(self.current_location)
  File "c:\Users\mayan\Downloads\files\main.py", line 655, in download_latest
    return self.download_product(products[0])
           ~~~~~~~~~~~~~~~~~~~~~^^^^^^^^^^^^^
  File "c:\Users\mayan\Downloads\files\main.py", line 601, in download_product
    token = self._authenticate()
  File "c:\Users\mayan\Downloads\files\main.py", line 501, in _authenticate
    raise CopernicusAuthError(
    ...<2 lines>...
    )
CopernicusAuthError: Missing COPERNICUS_USERNAME / COPERNICUS_PASSWORD. Register a free account at https://dataspace.copernicus.eu/ and add credentials to .env

2026-07-04 22:42:53 | INFO     | aina | Found 1 matching Sentinel-2 product(s).
2026-07-04 22:42:53 | ERROR    | aina | Historical download failed: Missing COPERNICUS_USERNAME / COPERNICUS_PASSWORD. Register a free account at https://dataspace.copernicus.eu/ and add credentials to .env
Traceback (most recent call last):
  File "c:\Users\mayan\Downloads\files\main.py", line 940, in worker
    paths = self.sentinel.download_historical(self.current_location)
  File "c:\Users\mayan\Downloads\files\main.py", line 685, in download_historical
    path = self.download_product(product)
  File "c:\Users\mayan\Downloads\files\main.py", line 601, in download_product
    token = self._authenticate()
  File "c:\Users\mayan\Downloads\files\main.py", line 501, in _authenticate
    raise CopernicusAuthError(
    ...<2 lines>...
    )
CopernicusAuthError: Missing COPERNICUS_USERNAME / COPERNICUS_PASSWORD. Register a free account at https://dataspace.copernicus.eu/ and add credentials to .env

